../Core/Src/main.c:64:6:error_handler	8	static
../Core/Src/main.c:76:6:discharge_handler	16	static
../Core/Src/main.c:95:6:toggle_precharge	16	static
../Core/Src/main.c:115:6:toggle_charging	8	static
../Core/Src/main.c:120:6:untoggle_charging	8	static
../Core/Src/main.c:125:9:get_switch_status	8	static
../Core/Src/main.c:142:6:aux_check	16	static
../Core/Src/main.c:156:5:main	16	static
../Core/Src/main.c:244:6:SystemClock_Config	80	static
../Core/Src/main.c:281:13:MX_ADC1_Init	24	static
../Core/Src/main.c:333:13:MX_GPIO_Init	40	static
../Core/Src/main.c:419:6:Error_Handler	4	static,ignoring_inline_asm
