../Core/Src/main.c:64:6:error_handler	8	static
../Core/Src/main.c:73:6:discharge_handler	16	static
../Core/Src/main.c:93:6:toggle_precharge	16	static
../Core/Src/main.c:119:6:toggle_charging	8	static
../Core/Src/main.c:124:6:untoggle_charging	8	static
../Core/Src/main.c:129:9:get_switch_status	16	static
../Core/Src/main.c:146:6:aux_check	16	static
../Core/Src/main.c:159:5:main	16	static
../Core/Src/main.c:246:6:SystemClock_Config	80	static
../Core/Src/main.c:283:13:MX_ADC1_Init	24	static
../Core/Src/main.c:335:13:MX_GPIO_Init	40	static
../Core/Src/main.c:409:6:Error_Handler	4	static,ignoring_inline_asm
